Hello from SHEEN tool system!
This is a test file.
